BL51 BANKED LINKER/LOCATER V6.22                                                        04/03/2023  16:46:34  PAGE 1


BL51 BANKED LINKER/LOCATER V6.22, INVOKED BY:
D:\KEIL4\C51\BIN\BL51.EXE STARTUP.obj, main.obj, ds1302.obj TO Project RAMSIZE (256)


MEMORY MODEL: SMALL


INPUT MODULES INCLUDED:
  STARTUP.obj (?C_STARTUP)
  main.obj (MAIN)
  ds1302.obj (DS1302)
  D:\KEIL4\C51\LIB\C51S.LIB (?C_INIT)


LINK MAP OF MODULE:  Project (?C_STARTUP)


            TYPE    BASE      LENGTH    RELOCATION   SEGMENT NAME
            -----------------------------------------------------

            * * * * * * *   D A T A   M E M O R Y   * * * * * * *
            REG     0000H     0008H     ABSOLUTE     "REG BANK 0"
            DATA    0008H     0007H     UNIT         ?DT?MAIN
            IDATA   000FH     0001H     UNIT         ?STACK

            * * * * * * *   C O D E   M E M O R Y   * * * * * * *
            CODE    0000H     0003H     ABSOLUTE     
            CODE    0003H     008CH     UNIT         ?C_C51STARTUP
            CODE    008FH     0049H     UNIT         ?PR?_DS1302_READBYTE?MAIN
            CODE    00D8H     0045H     UNIT         ?PR?_DISPAYSMG_BIT?MAIN
            CODE    011DH     0045H     UNIT         ?PR?XMF_SHOWREALTIME?MAIN
            CODE    0162H     0036H     UNIT         ?PR?_READ_DS1302?DS1302
            CODE    0198H     0035H     UNIT         ?PR?_DS1302_WRITEBYTE?MAIN
            CODE    01CDH     002FH     UNIT         ?PR?_INIT74HC138?MAIN
            CODE    01FCH     0023H     UNIT         ?PR?DS1302_CONFIG?MAIN
            CODE    021FH     0020H     UNIT         ?CO?MAIN
            CODE    023FH     0016H     UNIT         ?PR?DS1302_READTIME?MAIN
            CODE    0255H     0014H     UNIT         ?PR?_WRITE_DS1302?DS1302
            CODE    0269H     0013H     UNIT         ?PR?_WRITE_DS1302_BYTE?DS1302
            CODE    027CH     0010H     UNIT         ?PR?INIT?MAIN
            CODE    028CH     000EH     UNIT         ?PR?MAIN?MAIN
            CODE    029AH     000BH     UNIT         ?PR?_DELAYSMG?MAIN
            CODE    02A5H     000AH     UNIT         ?C_INITSEG



OVERLAY MAP OF MODULE:   Project (?C_STARTUP)


SEGMENT
  +--> CALLED SEGMENT
---------------------
?C_C51STARTUP
  +--> ?PR?MAIN?MAIN
  +--> ?C_INITSEG

?PR?MAIN?MAIN
  +--> ?PR?INIT?MAIN
BL51 BANKED LINKER/LOCATER V6.22                                                      04/03/2023  16:46:34  PAGE 2


  +--> ?PR?DS1302_CONFIG?MAIN
  +--> ?PR?DS1302_READTIME?MAIN
  +--> ?PR?XMF_SHOWREALTIME?MAIN

?PR?INIT?MAIN
  +--> ?PR?_INIT74HC138?MAIN

?PR?DS1302_CONFIG?MAIN
  +--> ?PR?_DS1302_WRITEBYTE?MAIN
  +--> ?CO?MAIN

?PR?DS1302_READTIME?MAIN
  +--> ?CO?MAIN
  +--> ?PR?_DS1302_READBYTE?MAIN

?PR?XMF_SHOWREALTIME?MAIN
  +--> ?CO?MAIN
  +--> ?PR?_DISPAYSMG_BIT?MAIN
  +--> ?PR?_DELAYSMG?MAIN

?PR?_DISPAYSMG_BIT?MAIN
  +--> ?PR?_DELAYSMG?MAIN
  +--> ?CO?MAIN
  +--> ?PR?_INIT74HC138?MAIN



SYMBOL TABLE OF MODULE:  Project (?C_STARTUP)

  VALUE           TYPE          NAME
  ----------------------------------

  -------         MODULE        ?C_STARTUP
  C:0003H         SEGMENT       ?C_C51STARTUP
  I:000FH         SEGMENT       ?STACK
  C:0000H         PUBLIC        ?C_STARTUP
  D:00E0H         SYMBOL        ACC
  D:00F0H         SYMBOL        B
  D:0083H         SYMBOL        DPH
  D:0082H         SYMBOL        DPL
  N:0000H         SYMBOL        IBPSTACK
  N:0100H         SYMBOL        IBPSTACKTOP
  N:0080H         SYMBOL        IDATALEN
  C:0006H         SYMBOL        IDATALOOP
  N:0000H         SYMBOL        PBPSTACK
  N:0100H         SYMBOL        PBPSTACKTOP
  N:0000H         SYMBOL        PDATALEN
  N:0000H         SYMBOL        PDATASTART
  N:0000H         SYMBOL        PPAGE
  N:0000H         SYMBOL        PPAGEENABLE
  D:00A0H         SYMBOL        PPAGE_SFR
  D:0081H         SYMBOL        SP
  C:0003H         SYMBOL        STARTUP1
  N:0000H         SYMBOL        XBPSTACK
  N:0000H         SYMBOL        XBPSTACKTOP
  N:0000H         SYMBOL        XDATALEN
  N:0000H         SYMBOL        XDATASTART
BL51 BANKED LINKER/LOCATER V6.22                                                      04/03/2023  16:46:34  PAGE 3


  C:0000H         LINE#         126
  C:0003H         LINE#         133
  C:0005H         LINE#         134
  C:0006H         LINE#         135
  C:0007H         LINE#         136
  C:0009H         LINE#         185
  C:000CH         LINE#         196
  -------         ENDMOD        ?C_STARTUP

  -------         MODULE        MAIN
  C:0000H         SYMBOL        _ICE_DUMMY_
  D:0080H         PUBLIC        P0
  D:0090H         PUBLIC        P1
  D:00A0H         PUBLIC        P2
  D:00B0H         PUBLIC        P3
  C:011DH         PUBLIC        XMF_ShowRealTime
  D:00A8H         PUBLIC        IE
  C:027CH         PUBLIC        Init
  C:01FCH         PUBLIC        DS1302_Config
  D:00B8H         PUBLIC        IP
  C:028CH         PUBLIC        main
  C:01CDH         PUBLIC        _Init74HC138
  B:0090H.7       PUBLIC        SCLK
  C:022DH         PUBLIC        SMG_NoDot
  D:0008H         PUBLIC        TIME
  B:00A0H.3       PUBLIC        DSIO
  D:0098H         PUBLIC        SCON
  D:0088H         PUBLIC        TCON
  B:00A0H.5       PUBLIC        HC138_A
  B:00A0H.6       PUBLIC        HC138_B
  B:00A0H.7       PUBLIC        HC138_C
  C:023FH         PUBLIC        DS1302_ReadTime
  C:008FH         PUBLIC        _DS1302_ReadByte
  C:0226H         PUBLIC        WRITE_RTC_ADDR
  C:00FFH         PUBLIC        _DispaySMG_Bit
  C:029AH         PUBLIC        _DelaySMG
  C:0198H         PUBLIC        _DS1302_WriteByte
  C:021FH         PUBLIC        READ_RTC_ADDR
  D:00C8H         PUBLIC        T2CON
  B:0090H.3       PUBLIC        RST
  D:00D0H         PUBLIC        PSW
  -------         PROC          _DELAYSMG
  D:0006H         SYMBOL        time
  C:029AH         LINE#         20
  C:029AH         LINE#         21
  C:029AH         LINE#         22
  C:02A4H         LINE#         23
  -------         ENDPROC       _DELAYSMG
  -------         PROC          _INIT74HC138
  D:0007H         SYMBOL        n
  C:01CDH         LINE#         25
  C:01CDH         LINE#         26
  C:01CDH         LINE#         27
  C:01DFH         LINE#         28
  C:01DFH         LINE#         29
  C:01DFH         LINE#         30
  C:01E1H         LINE#         31
BL51 BANKED LINKER/LOCATER V6.22                                                      04/03/2023  16:46:34  PAGE 4


  C:01E1H         LINE#         32
  C:01E1H         LINE#         33
  C:01E3H         LINE#         34
  C:01E3H         LINE#         35
  C:01E5H         LINE#         36
  C:01E7H         LINE#         37
  C:01E9H         LINE#         38
  C:01EAH         LINE#         39
  C:01EAH         LINE#         40
  C:01ECH         LINE#         41
  C:01ECH         LINE#         42
  C:01ECH         LINE#         43
  C:01EEH         LINE#         44
  C:01EEH         LINE#         45
  C:01F0H         LINE#         46
  C:01F2H         LINE#         47
  C:01F4H         LINE#         48
  C:01F5H         LINE#         49
  C:01F5H         LINE#         50
  C:01F7H         LINE#         51
  C:01F9H         LINE#         52
  C:01FBH         LINE#         53
  C:01FBH         LINE#         54
  C:01FBH         LINE#         55
  -------         ENDPROC       _INIT74HC138
  -------         PROC          INIT
  C:027CH         LINE#         56
  C:027CH         LINE#         57
  C:027CH         LINE#         58
  C:0281H         LINE#         59
  C:0284H         LINE#         60
  C:0288H         LINE#         61
  C:028BH         LINE#         62
  -------         ENDPROC       INIT
  C:00F0H         SYMBOL        L?0045
  C:00F3H         SYMBOL        L?0046
  -------         PROC          L?0044
  -------         ENDPROC       L?0044
  C:00F0H         SYMBOL        L?0045
  C:00F3H         SYMBOL        L?0046
  -------         PROC          _DISPAYSMG_BIT
  D:0006H         SYMBOL        value
  D:0005H         SYMBOL        pos
  C:00FFH         LINE#         63
  C:0101H         LINE#         64
  C:0101H         LINE#         65
  C:0106H         LINE#         66
  C:0115H         LINE#         67
  C:011AH         LINE#         68
  C:011CH         LINE#         69
  -------         ENDPROC       _DISPAYSMG_BIT
  -------         PROC          _DS1302_WRITEBYTE
  D:0007H         SYMBOL        addr
  D:0005H         SYMBOL        dat
  -------         DO            
  D:0006H         SYMBOL        n
  -------         ENDDO         
BL51 BANKED LINKER/LOCATER V6.22                                                      04/03/2023  16:46:34  PAGE 5


  C:0198H         LINE#         71
  C:0198H         LINE#         72
  C:0198H         LINE#         74
  C:019AH         LINE#         75
  C:019BH         LINE#         76
  C:019DH         LINE#         77
  C:019EH         LINE#         78
  C:01A0H         LINE#         79
  C:01A1H         LINE#         81
  C:01A3H         LINE#         82
  C:01A3H         LINE#         83
  C:01A7H         LINE#         84
  C:01ABH         LINE#         85
  C:01ADH         LINE#         86
  C:01AEH         LINE#         87
  C:01B0H         LINE#         88
  C:01B1H         LINE#         89
  C:01B5H         LINE#         90
  C:01B7H         LINE#         91
  C:01B7H         LINE#         92
  C:01BBH         LINE#         93
  C:01BFH         LINE#         94
  C:01C1H         LINE#         95
  C:01C2H         LINE#         96
  C:01C4H         LINE#         97
  C:01C5H         LINE#         98
  C:01C9H         LINE#         99
  C:01CBH         LINE#         100
  C:01CCH         LINE#         101
  -------         ENDPROC       _DS1302_WRITEBYTE
  -------         PROC          _DS1302_READBYTE
  D:0007H         SYMBOL        addr
  -------         DO            
  D:0005H         SYMBOL        n
  D:0006H         SYMBOL        dat
  D:0007H         SYMBOL        tmp
  -------         ENDDO         
  C:008FH         LINE#         103
  C:008FH         LINE#         104
  C:008FH         LINE#         106
  C:0091H         LINE#         107
  C:0092H         LINE#         108
  C:0094H         LINE#         109
  C:0095H         LINE#         110
  C:0097H         LINE#         111
  C:0098H         LINE#         113
  C:009AH         LINE#         114
  C:009AH         LINE#         115
  C:009EH         LINE#         116
  C:00A2H         LINE#         117
  C:00A4H         LINE#         118
  C:00A5H         LINE#         119
  C:00A7H         LINE#         120
  C:00A8H         LINE#         121
  C:00ACH         LINE#         123
  C:00AEH         LINE#         124
  C:00AEH         LINE#         125
BL51 BANKED LINKER/LOCATER V6.22                                                      04/03/2023  16:46:34  PAGE 6


  C:00B3H         LINE#         126
  C:00BFH         LINE#         127
  C:00C1H         LINE#         128
  C:00C2H         LINE#         129
  C:00C4H         LINE#         130
  C:00C5H         LINE#         131
  C:00C9H         LINE#         133
  C:00CBH         LINE#         134
  C:00CCH         LINE#         135
  C:00CEH         LINE#         136
  C:00CFH         LINE#         137
  C:00D1H         LINE#         138
  C:00D2H         LINE#         139
  C:00D4H         LINE#         140
  C:00D5H         LINE#         141
  C:00D7H         LINE#         142
  -------         ENDPROC       _DS1302_READBYTE
  -------         PROC          DS1302_CONFIG
  -------         DO            
  D:0004H         SYMBOL        n
  -------         ENDDO         
  C:01FCH         LINE#         144
  C:01FCH         LINE#         145
  C:01FCH         LINE#         147
  C:0203H         LINE#         148
  C:0205H         LINE#         149
  C:0205H         LINE#         150
  C:0214H         LINE#         151
  C:0218H         LINE#         152
  -------         ENDPROC       DS1302_CONFIG
  -------         PROC          DS1302_READTIME
  -------         DO            
  D:0003H         SYMBOL        n
  -------         ENDDO         
  C:023FH         LINE#         155
  C:023FH         LINE#         156
  C:023FH         LINE#         158
  C:0241H         LINE#         159
  C:0241H         LINE#         160
  C:0250H         LINE#         161
  C:0254H         LINE#         162
  -------         ENDPROC       DS1302_READTIME
  -------         PROC          XMF_SHOWREALTIME
  C:011DH         LINE#         164
  C:011DH         LINE#         165
  C:011DH         LINE#         167
  C:0129H         LINE#         168
  C:0129H         LINE#         169
  C:012CH         LINE#         170
  C:012EH         LINE#         171
  C:012EH         LINE#         172
  C:012EH         LINE#         173
  C:012EH         LINE#         174
  C:012EH         LINE#         175
  C:0131H         LINE#         177
  C:0139H         LINE#         178
  C:0139H         LINE#         179
BL51 BANKED LINKER/LOCATER V6.22                                                      04/03/2023  16:46:34  PAGE 7


  C:013CH         LINE#         180
  C:013EH         LINE#         181
  C:013EH         LINE#         182
  C:013EH         LINE#         183
  C:013EH         LINE#         184
  C:013EH         LINE#         185
  C:0141H         LINE#         187
  C:0149H         LINE#         188
  C:0149H         LINE#         189
  C:014CH         LINE#         190
  C:0156H         LINE#         191
  C:015DH         LINE#         192
  -------         ENDPROC       XMF_SHOWREALTIME
  -------         PROC          MAIN
  C:028CH         LINE#         195
  C:028CH         LINE#         196
  C:028CH         LINE#         197
  C:028FH         LINE#         198
  C:0292H         LINE#         199
  C:0292H         LINE#         200
  C:0292H         LINE#         201
  C:0295H         LINE#         202
  C:0298H         LINE#         203
  -------         ENDPROC       MAIN
  -------         ENDMOD        MAIN

  -------         MODULE        DS1302
  C:0000H         SYMBOL        _ICE_DUMMY_
  D:0090H         PUBLIC        P1
  D:00A0H         PUBLIC        P2
  D:00B0H         PUBLIC        P3
  D:00A8H         PUBLIC        IE
  D:00B8H         PUBLIC        IP
  D:0098H         PUBLIC        SCON
  D:0088H         PUBLIC        TCON
  B:00A0H.3       PUBLIC        SDA
  C:0162H         PUBLIC        _Read_Ds1302
  B:0090H.7       PUBLIC        SCK
  C:0269H         PUBLIC        _Write_Ds1302_Byte
  D:00C8H         PUBLIC        T2CON
  C:0255H         PUBLIC        _Write_Ds1302
  B:0090H.3       PUBLIC        RST
  D:00D0H         PUBLIC        PSW
  -------         PROC          _WRITE_DS1302_BYTE
  D:0007H         SYMBOL        temp
  -------         DO            
  D:0006H         SYMBOL        i
  -------         ENDDO         
  C:0269H         LINE#         15
  C:0269H         LINE#         16
  C:0269H         LINE#         18
  C:026BH         LINE#         19
  C:026BH         LINE#         20
  C:026DH         LINE#         21
  C:0271H         LINE#         22
  C:0275H         LINE#         23
  C:0277H         LINE#         24
BL51 BANKED LINKER/LOCATER V6.22                                                      04/03/2023  16:46:34  PAGE 8


  C:027BH         LINE#         25
  -------         ENDPROC       _WRITE_DS1302_BYTE
  -------         PROC          _WRITE_DS1302
  D:0007H         SYMBOL        address
  D:0005H         SYMBOL        dat
  C:0255H         LINE#         27
  C:0255H         LINE#         28
  C:0255H         LINE#         29
  C:0257H         LINE#         30
  C:0258H         LINE#         31
  C:025AH         LINE#         32
  C:025BH         LINE#         33
  C:025DH         LINE#         34
  C:025EH         LINE#         35
  C:0261H         LINE#         36
  C:0266H         LINE#         37
  C:0268H         LINE#         38
  -------         ENDPROC       _WRITE_DS1302
  -------         PROC          _READ_DS1302
  D:0007H         SYMBOL        address
  -------         DO            
  D:0007H         SYMBOL        i
  D:0005H         SYMBOL        temp
  -------         ENDDO         
  C:0162H         LINE#         40
  C:0162H         LINE#         41
  C:0162H         LINE#         42
  C:0164H         LINE#         43
  C:0166H         LINE#         44
  C:0167H         LINE#         45
  C:0169H         LINE#         46
  C:016AH         LINE#         47
  C:016CH         LINE#         48
  C:016DH         LINE#         49
  C:0170H         LINE#         50
  C:0172H         LINE#         51
  C:0172H         LINE#         52
  C:0174H         LINE#         53
  C:0178H         LINE#         54
  C:017BH         LINE#         55
  C:017EH         LINE#         56
  C:0180H         LINE#         57
  C:0184H         LINE#         58
  C:0186H         LINE#         59
  C:0187H         LINE#         60
  C:0189H         LINE#         61
  C:018BH         LINE#         62
  C:018CH         LINE#         63
  C:018EH         LINE#         64
  C:018FH         LINE#         65
  C:0191H         LINE#         66
  C:0192H         LINE#         67
  C:0194H         LINE#         68
  C:0195H         LINE#         69
  C:0197H         LINE#         70
  -------         ENDPROC       _READ_DS1302
  -------         ENDMOD        DS1302
BL51 BANKED LINKER/LOCATER V6.22                                                      04/03/2023  16:46:34  PAGE 9



*** WARNING L16: UNCALLED SEGMENT, IGNORED FOR OVERLAY PROCESS
    SEGMENT: ?PR?_WRITE_DS1302?DS1302

*** WARNING L16: UNCALLED SEGMENT, IGNORED FOR OVERLAY PROCESS
    SEGMENT: ?PR?_READ_DS1302?DS1302

Program Size: data=16.0 xdata=0 code=687
LINK/LOCATE RUN COMPLETE.  2 WARNING(S),  0 ERROR(S)
